// Jest Snapshot v1, https://goo.gl/fbAQLP

exports[`renders learn react link 1`] = `
<DocumentFragment>
  <div
    class="App"
  >
    <nav
      class="navbar navbar-expand-xl navbar-light bg-light"
    >
      <a
        class="navbar-brand"
        href="/"
      >
        Home
      </a>
    </nav>
    <section>
      <ul>
        <li>
          <div
            style="margin-bottom: 20px;"
          >
            <b>
              Depth First Search and simple heuristic (right, down, left, up) 
            </b>
             to compliment the algo.
          </div>
        </li>
        <li>
          <b>
            INSTRUCTIONS:
          </b>
          <ul>
            <li>
              A 6x6 grid can be populated by clicking
            </li>
            <li>
              First click will mark an "s" which will denote the start of the puzzle
            </li>
            <li>
              Second click will mark an "e" which will denote the end or goal of the puzzle
            </li>
            <li>
              Wall button will mark a "w" which will denote a wall or an obstacle
            </li>
            <li>
              Open button will mark a grid empty or free space
            </li>
            <li>
              Solve button will initiate the puzzle solving process
            </li>
            <li>
              Reset button will reset the process
            </li>
          </ul>
        </li>
      </ul>
    </section>
    <br />
    <div
      class="d-flex flex-row justify-content-center mb-12"
    >
      <div
        aria-label="Toolbar with button groups"
        class="btn-toolbar"
        role="toolbar"
      >
        <div
          aria-label="First group"
          class="btn-group mr-2"
          role="group"
        >
          <button
            class="btn btn-primary-outline button-spacer"
            style="margin-right: 10px;"
            type="button"
          >
            Start
          </button>
          <button
            class="btn btn-primary-outline button-spacer"
            disabled=""
            style="margin-right: 10px;"
            type="button"
          >
            End
          </button>
          <button
            class="btn btn-primary-outline button-spacer"
            disabled=""
            style="margin-right: 10px;"
            type="button"
          >
            Wall
          </button>
          <button
            class="btn btn-primary-outline button-spacer"
            disabled=""
            style="margin-right: 10px;"
            type="button"
          >
            Open
          </button>
        </div>
      </div>
    </div>
    <br />
    <div>
      <div
        class="d-flex flex-row justify-content-center mb-12"
      >
        <div
          class="d-flex flex-column bd-highlight mb-3"
        >
          <button
            style="width: 100px; height: 50px;"
          >
            <span
              hidden=""
              style="font-size: 8px;"
            >
              $0-$0
            </span>
          </button>
          <button
            style="width: 100px; height: 50px;"
          >
            <span
              hidden=""
              style="font-size: 8px;"
            >
              $0-$1
            </span>
          </button>
          <button
            style="width: 100px; height: 50px;"
          >
            <span
              hidden=""
              style="font-size: 8px;"
            >
              $0-$2
            </span>
          </button>
          <button
            style="width: 100px; height: 50px;"
          >
            <span
              hidden=""
              style="font-size: 8px;"
            >
              $0-$3
            </span>
          </button>
          <button
            style="width: 100px; height: 50px;"
          >
            <span
              hidden=""
              style="font-size: 8px;"
            >
              $0-$4
            </span>
          </button>
          <button
            style="width: 100px; height: 50px;"
          >
            <span
              hidden=""
              style="font-size: 8px;"
            >
              $0-$5
            </span>
          </button>
        </div>
        <div
          class="d-flex flex-column bd-highlight mb-3"
        >
          <button
            style="width: 100px; height: 50px;"
          >
            <span
              hidden=""
              style="font-size: 8px;"
            >
              $1-$0
            </span>
          </button>
          <button
            style="width: 100px; height: 50px;"
          >
            <span
              hidden=""
              style="font-size: 8px;"
            >
              $1-$1
            </span>
          </button>
          <button
            style="width: 100px; height: 50px;"
          >
            <span
              hidden=""
              style="font-size: 8px;"
            >
              $1-$2
            </span>
          </button>
          <button
            style="width: 100px; height: 50px;"
          >
            <span
              hidden=""
              style="font-size: 8px;"
            >
              $1-$3
            </span>
          </button>
          <button
            style="width: 100px; height: 50px;"
          >
            <span
              hidden=""
              style="font-size: 8px;"
            >
              $1-$4
            </span>
          </button>
          <button
            style="width: 100px; height: 50px;"
          >
            <span
              hidden=""
              style="font-size: 8px;"
            >
              $1-$5
            </span>
          </button>
        </div>
        <div
          class="d-flex flex-column bd-highlight mb-3"
        >
          <button
            style="width: 100px; height: 50px;"
          >
            <span
              hidden=""
              style="font-size: 8px;"
            >
              $2-$0
            </span>
          </button>
          <button
            style="width: 100px; height: 50px;"
          >
            <span
              hidden=""
              style="font-size: 8px;"
            >
              $2-$1
            </span>
          </button>
          <button
            style="width: 100px; height: 50px;"
          >
            <span
              hidden=""
              style="font-size: 8px;"
            >
              $2-$2
            </span>
          </button>
          <button
            style="width: 100px; height: 50px;"
          >
            <span
              hidden=""
              style="font-size: 8px;"
            >
              $2-$3
            </span>
          </button>
          <button
            style="width: 100px; height: 50px;"
          >
            <span
              hidden=""
              style="font-size: 8px;"
            >
              $2-$4
            </span>
          </button>
          <button
            style="width: 100px; height: 50px;"
          >
            <span
              hidden=""
              style="font-size: 8px;"
            >
              $2-$5
            </span>
          </button>
        </div>
        <div
          class="d-flex flex-column bd-highlight mb-3"
        >
          <button
            style="width: 100px; height: 50px;"
          >
            <span
              hidden=""
              style="font-size: 8px;"
            >
              $3-$0
            </span>
          </button>
          <button
            style="width: 100px; height: 50px;"
          >
            <span
              hidden=""
              style="font-size: 8px;"
            >
              $3-$1
            </span>
          </button>
          <button
            style="width: 100px; height: 50px;"
          >
            <span
              hidden=""
              style="font-size: 8px;"
            >
              $3-$2
            </span>
          </button>
          <button
            style="width: 100px; height: 50px;"
          >
            <span
              hidden=""
              style="font-size: 8px;"
            >
              $3-$3
            </span>
          </button>
          <button
            style="width: 100px; height: 50px;"
          >
            <span
              hidden=""
              style="font-size: 8px;"
            >
              $3-$4
            </span>
          </button>
          <button
            style="width: 100px; height: 50px;"
          >
            <span
              hidden=""
              style="font-size: 8px;"
            >
              $3-$5
            </span>
          </button>
        </div>
        <div
          class="d-flex flex-column bd-highlight mb-3"
        >
          <button
            style="width: 100px; height: 50px;"
          >
            <span
              hidden=""
              style="font-size: 8px;"
            >
              $4-$0
            </span>
          </button>
          <button
            style="width: 100px; height: 50px;"
          >
            <span
              hidden=""
              style="font-size: 8px;"
            >
              $4-$1
            </span>
          </button>
          <button
            style="width: 100px; height: 50px;"
          >
            <span
              hidden=""
              style="font-size: 8px;"
            >
              $4-$2
            </span>
          </button>
          <button
            style="width: 100px; height: 50px;"
          >
            <span
              hidden=""
              style="font-size: 8px;"
            >
              $4-$3
            </span>
          </button>
          <button
            style="width: 100px; height: 50px;"
          >
            <span
              hidden=""
              style="font-size: 8px;"
            >
              $4-$4
            </span>
          </button>
          <button
            style="width: 100px; height: 50px;"
          >
            <span
              hidden=""
              style="font-size: 8px;"
            >
              $4-$5
            </span>
          </button>
        </div>
        <div
          class="d-flex flex-column bd-highlight mb-3"
        >
          <button
            style="width: 100px; height: 50px;"
          >
            <span
              hidden=""
              style="font-size: 8px;"
            >
              $5-$0
            </span>
          </button>
          <button
            style="width: 100px; height: 50px;"
          >
            <span
              hidden=""
              style="font-size: 8px;"
            >
              $5-$1
            </span>
          </button>
          <button
            style="width: 100px; height: 50px;"
          >
            <span
              hidden=""
              style="font-size: 8px;"
            >
              $5-$2
            </span>
          </button>
          <button
            style="width: 100px; height: 50px;"
          >
            <span
              hidden=""
              style="font-size: 8px;"
            >
              $5-$3
            </span>
          </button>
          <button
            style="width: 100px; height: 50px;"
          >
            <span
              hidden=""
              style="font-size: 8px;"
            >
              $5-$4
            </span>
          </button>
          <button
            style="width: 100px; height: 50px;"
          >
            <span
              hidden=""
              style="font-size: 8px;"
            >
              $5-$5
            </span>
          </button>
        </div>
      </div>
      <div
        class="d-flex flex-row justify-content-center mb-12"
      >
        <button
          class="btn btn-primary-outline"
          type="button"
        >
          Solve
        </button>
        <button
          class="btn btn btn-primary-outline"
          style="margin-right: 10px;"
          type="button"
        >
          Reset
        </button>
      </div>
    </div>
  </div>
</DocumentFragment>
`;
